[backblue.gif]
[fade.gif]
[index.html]
[quicklaunchconsulting.com/manifest.webmanifest]
[quicklaunchconsulting.com/sw.js]
[quicklaunchconsulting.com/for-solopreneurs.html]
[quicklaunchconsulting.com/for-startups.html]
[quicklaunchconsulting.com/for-businesses.html]
[quicklaunchconsulting.com/team-command-center.html]
[quicklaunchconsulting.com/m/logina8b9.html]
[quicklaunchconsulting.com/m/create-account.html]
[quicklaunchconsulting.com/m/login55d2.html]
[quicklaunchconsulting.com/terms-of-service.html]
[quicklaunchconsulting.com/privacy-policy.html]
[quicklaunchconsulting.com/index.html]
[quicklaunchconsulting.com/for-solopreneurs.html]
[quicklaunchconsulting.com/for-startups.html]
[quicklaunchconsulting.com/for-businesses.html]
[quicklaunchconsulting.com/team-command-center.html]
[quicklaunchconsulting.com/tech-stack.html]
[quicklaunchconsulting.com/m/logina8b9.html]
[quicklaunchconsulting.com/m/create-account.html]
[quicklaunchconsulting.com/m/login55d2.html]
[quicklaunchconsulting.com/terms-of-service.html]
[quicklaunchconsulting.com/privacy-policy.html]
[quicklaunchconsulting.com/m/login.html]
[quicklaunchconsulting.com/_${href}_${openNew3590]
[quicklaunchconsulting.com/translateUrl(page,]
[quicklaunchconsulting.com/_${s.href}_]
[quicklaunchconsulting.com/_${href}_]
[quicklaunchconsulting.com/{]
[quicklaunchconsulting.com/normalize($('src').value);]
[quicklaunchconsulting.com/_${src}_]
[quicklaunchconsulting.com/tech-stack.html]
[quicklaunchconsulting.com/m/login.html]
[quicklaunchconsulting.com/_${href}_${openNew3590.html]
[quicklaunchconsulting.com/translateUrl(page,.html]
[quicklaunchconsulting.com/_${s.html]
[quicklaunchconsulting.com/_${href}_.html]
[quicklaunchconsulting.com/{.html]
[quicklaunchconsulting.com/normalize($('src').html]
[quicklaunchconsulting.com/_${src}_.html]
